<html>
<head><title>TEST</title></head>
<body>
<h1>Simple Test without includes</h1>
<p>TEST</p>
</body>
</html>